<html>
<body>
<pre>
<h1>µVision Build Log</h1>
<h2>Tool Versions:</h2>
IDE-Version: ¦ÌVision V5.28.0.0
Copyright (C) 2019 ARM Ltd and ARM Germany GmbH. All rights reserved.
License Information: 1 1, 1, LIC=2TTRA-1VTPJ-5B7EB-20NNB-CCLLG-2BJ7C
 
Tool Versions:
Toolchain:       MDK-ARM Professional  Version: 5.28.0.0
Toolchain Path:  D:\Keil_v5\ARM\ARMCC\Bin
C Compiler:      Armcc.exe V5.06 update 6 (build 750)
Assembler:       Armasm.exe V5.06 update 6 (build 750)
Linker/Locator:  ArmLink.exe V5.06 update 6 (build 750)
Library Manager: ArmAr.exe V5.06 update 6 (build 750)
Hex Converter:   FromElf.exe V5.06 update 6 (build 750)
CPU DLL:         SARMCM3.DLL V5.28.0.0
Dialog DLL:      DCM.DLL V1.17.3.0
Target DLL:      Segger\JL2CM3.dll V2.99.36.0
Dialog DLL:      TCM.DLL V1.36.2.0
 
<h2>Project:</h2>
D:\Work\WS2812_f103\WS2812\MDK-ARM\WS2812.uvprojx
Project File Date:  10/25/2019

<h2>Output:</h2>
*** Using Compiler 'V5.06 update 6 (build 750)', folder: 'D:\Keil_v5\ARM\ARMCC\Bin'
Build target 'WS2812'
compiling main.c...
..\MDK-ARM\WS2812.h(11): warning:  #1295-D: Deprecated declaration WS2812_send_data - give arg types
  void WS2812_send_data();
..\MDK-ARM\WS2812.h(12): warning:  #1295-D: Deprecated declaration WS2812_Init - give arg types
  void WS2812_Init();
..\MDK-ARM\WS2812.h(13): warning:  #1-D: last line of file ends without a newline
  #endif
../Src/main.c(115): warning:  #223-D: function "printf" declared implicitly
  			printf("\r\n--%d--",i);
../Src/main.c(97): warning:  #177-D: variable "R"  was declared but never referenced
  	uint8_t R = 0, G = 0, B = 0;
../Src/main.c(97): warning:  #177-D: variable "G"  was declared but never referenced
  	uint8_t R = 0, G = 0, B = 0;
../Src/main.c(97): warning:  #177-D: variable "B"  was declared but never referenced
  	uint8_t R = 0, G = 0, B = 0;
../Src/main.c(98): warning:  #177-D: variable "color"  was declared but never referenced
  	uint32_t color = 0;
../Src/main.c: 8 warnings, 0 errors
linking...
Program Size: Code=5152 RO-data=360 RW-data=4736 ZI-data=1192  
FromELF: creating hex file...
"WS2812\WS2812.axf" - 0 Error(s), 8 Warning(s).

<h2>Software Packages used:</h2>

Package Vendor: ARM
                http://www.keil.com/pack/ARM.CMSIS.5.5.1.pack
                ARM.CMSIS.5.5.1
                CMSIS (Cortex Microcontroller Software Interface Standard)
   * Component: CORE Version: 5.2.0

Package Vendor: Keil
                http://www.keil.com/pack/Keil.STM32F1xx_DFP.2.3.0.pack
                Keil.STM32F1xx_DFP.2.3.0
                STMicroelectronics STM32F1 Series Device Support, Drivers and Examples

<h2>Collection of Component include folders:</h2>
  .\RTE\_WS2812
  D:\Users\Admin66\AppData\Local\Arm\Packs\ARM\CMSIS\5.5.1\CMSIS\Core\Include
  D:\Users\Admin66\AppData\Local\Arm\Packs\Keil\STM32F1xx_DFP\2.3.0\Device\Include

<h2>Collection of Component Files used:</h2>

   * Component: ARM::CMSIS:CORE:5.2.0
Build Time Elapsed:  00:00:01
</pre>
</body>
</html>
